Drill report for C:\Users\Ray\OneDrive\Projects\kicad\MAX17595_offline_20V_supply_v1\MAX17595_offline_20V_supply_v1.kicad_pcb
Created on 1/12/2020 12:37:27 AM

Copper Layer Stackup:
    =============================================================
    L1 :  F.Cu                      front
    L2 :  B.Cu                      back


Drill file 'MAX17595_offline_20V_supply_v1-PTH.drl' contains
    plated through holes:
    =============================================================
    T1  0.30mm  0.012"  (5 holes)
    T2  0.38mm  0.015"  (32 holes)
    T3  0.51mm  0.020"  (8 holes)
    T4  0.76mm  0.030"  (2 holes)
    T5  0.80mm  0.032"  (13 holes)
    T6  0.81mm  0.032"  (6 holes)
    T7  0.91mm  0.036"  (2 holes)
    T8  1.00mm  0.039"  (10 holes)
    T9  1.09mm  0.043"  (8 holes)
    T10  1.32mm  0.052"  (10 holes)
    T11  1.35mm  0.053"  (4 holes)
    T12  2.00mm  0.079"  (2 holes)
    T13  2.95mm  0.116"  (4 holes)

    Total plated holes count 106


Drill file 'MAX17595_offline_20V_supply_v1-NPTH.drl' contains
    unplated through holes:
    =============================================================

    Total unplated holes count 0
